test-00007.po:18: GNOME에서 "translator_credits"에는 번역자들의 이름을 써야 합니다
test-00007.po:23: GNOME에서 "translator_credits"에는 번역자들의 이름을 써야 합니다
test-00007.po:32: GNOME에서 "translator_credits"에는 번역자들의 이름을 써야 합니다
test-00007.po:32: 추가: 그놈 데스크탑에서 "add"은(는) "더하기"(이)라고 번역
