test-00006.po:18: "읽을수 ": 의존 명사는 띄어 써야 합니다
test-00006.po:23: "찾을 수없": 의존 명사는 띄어 써야 합니다
test-00006.po:28: "열수없": 의존 명사는 띄어 써야 합니다
test-00006.po:34: "알수 ": 의존 명사는 띄어 써야 합니다
test-00006.po:40: "알수 ": 의존 명사는 띄어 써야 합니다
test-00006.po:45: "할때 ": `~할 때'라고 띄어 써야 합니다
