-:4: 새 번역팀 주소를 사용하십시오: <gnome-kr@googlegroups.com>
