-:17: 등록 정보: "properties"은(는) "속성"(이)라고 번역하길 제안합니다
-:25: 설정 사항: "preferences"은(는) "기본 설정"(이)라고 번역하길 제안합니다
-:29: 환경설정: "preferences"은(는) "기본 설정"(이)라고 번역하길 제안합니다
-:37: 대하여: "about"은(는) "정보"(이)라고 번역하길 제안합니다
-:45: 대하여: "about"은(는) "정보"(이)라고 번역하길 제안합니다
-:49: 폰트: "font"은(는) "글꼴"(이)라고 번역하길 제안합니다
-:58: 선택 사항: "preferences"은(는) "기본 설정"(이)라고 번역하길 제안합니다
-:68: 버튼: "button"은(는) "단추"(이)라고 번역하길 제안합니다
-:73: 지우기: "delete"은(는) "삭제"(이)라고 번역하길 제안합니다
-:78: 검색: "find"은(는) "찾기"(이)라고 번역하길 제안합니다
-:83: 찾기: "search"은(는) "검색"(이)라고 번역하길 제안합니다
-:88: 무른모: "software"은(는) "소프트웨어"(이)라고 번역하길 제안합니다
-:96: 아이템: "item"은(는) "항목"(이)라고 번역하길 제안합니다
-:103: 인스톨: "install"은(는) "설치"(이)라고 번역하길 제안합니다
-:106: 깔기: "install"은(는) "설치"(이)라고 번역하길 제안합니다
