-:4: Report-Msgid-Bugs-To: 비어 있습니다. 버그 보고하는 메일 혹은 웹 주소를 쓰십시오
-:4: Language-Team: 기본값을 바꾸지 않았습니다. 해당 번역팀 메일 주소를 쓰십시오
-:4: Content-Type: UTF-8 사용을 추천합니다 (charset=UTF-8)
-:4: Plural-Forms: 한국어는 다음과 같이 씁니다: "nplurals=1; plural=0;"
-:17: Language-Team: 필드가 없습니다. 번역 팀이 따로 없으면 본인 주소를 쓰십시오
-:28: Language-Team: 비어 있습니다. 번역 팀이 따로 없으면 본인 주소를 쓰십시오
