test-00012.po:17: <b>: 번역할 때 마크업을 똑같이 써야 합니다
test-00012.po:21: <b>: 번역할 때 마크업을 똑같이 써야 합니다
