-:4: 정치적 문구를 쓰는 곳이 아닙니다: Dokdo in Korea <blah@blah.blah>
-:15: 정치적 문구를 쓰는 곳이 아닙니다: <Dokdo@korea.land>
-:27: 정치적 문구를 쓰는 곳이 아닙니다: <Dokdo@korea.land>
