-:18: 번역문이 원문과 같이 :으로 끝나야 합니다
-:23: 번역문이 원문과 같이 ...으로 끝나야 합니다
-:26: 번역문이 원문과 같이 ...으로 끝나야 합니다
-:29: 번역문이 원문과 같이 .으로 끝나야 합니다
-:32: 번역문이 원문과 같이 …으로 끝나야 합니다
