-:18: "읽을수 ": 의존 명사는 띄어 써야 합니다
-:23: "찾을 수없": 의존 명사는 띄어 써야 합니다
-:28: "열수없": 의존 명사는 띄어 써야 합니다
-:34: "알수 ": 의존 명사는 띄어 써야 합니다
-:40: "알수 ": 의존 명사는 띄어 써야 합니다
-:45: "할때 ": '~할 때'라고 띄어 써야 합니다
