test-00003.po:16: "%s가": 받침에 따른 조사 구별(예: %s을(를))이 없습니다
