-:16: 미리보기 보이기: "View ..." 형태는 "... 보기" 형태와 같이 번역합니다
