-:18: copyright notice는 번역하면 안 됩니다
-:23: copyright notice는 번역하면 안 됩니다
-:28: copyright notice는 번역하면 안 됩니다
