-:16: "ㅂ": 음절이 불완전합니다.  오타로 보입니다
-:19: "ㅜ": 음절이 불완전합니다.  오타로 보입니다
