-:18: 설정 사항(_F): 다음과 같이 번역해야 합니다: "기본 설정(_F)"
-:22: 열긔(_O)...: 다음과 같이 번역해야 합니다: "열기(_O)..."
