test-00010.po:17: "스빈다": 두벌식 오타로 보입니다
test-00010.po:21: "밍나합니다": 두벌식 오타로 보입니다
test-00010.po:25: "거싱": 두벌식 오타로 보입니다
test-00010.po:29: "살마": 두벌식 오타로 보입니다
