test-00002.po:21: "%s는": 받침에 따른 조사 구별이 없습니다. '%s은(는)'
test-00002.po:27: "%s'는": 받침에 따른 조사 구별이 없습니다. '%s'은(는)'
test-00002.po:33: "%s 을": 받침에 따른 조사 구별이 없습니다. '%s을(를)'
test-00002.po:39: "%s' 를": 받침에 따른 조사 구별이 없습니다. '%s'을(를)'
test-00002.po:52: "%Z는": 받침에 따른 조사 구별이 없습니다. '%Z은(는)'
test-00002.po:60: "%2$s는": 받침에 따른 조사 구별이 없습니다. '%2$s은(는)'
test-00002.po:65: "%#x는": 받침에 따른 조사 구별이 없습니다. '%#x은(는)'
test-00002.po:70: "%hf는": 받침에 따른 조사 구별이 없습니다. '%hf은(는)'
test-00002.po:80: "%s은": 받침에 따른 조사 구별이 없습니다. '%s은(는)'
