-:16: 끝에 불필요하게 공백 문자가 있습니다
-:20: 끝에 불필요하게 공백 문자가 있습니다
