test-00001.po:26: "(_o)": mnemonic이 소문자입니다
test-00001.po:41: "(&u)": mnemonic이 소문자입니다
test-00001.po:51: 번역문에 mnemonic이 없거나 두 개 이상입니다
