test-00011.po:17: 설정(_F)...: 다음과 같이 번역해야 합니다: "기본 설정(_F)..."
test-00011.po:22: 번역문이 원문과 같이 ...으로 끝나야 합니다
test-00011.po:22: 열기: 다음과 같이 번역해야 합니다: "열기..."
test-00011.po:27: 'E' vs 'S': 원문과 번역문의 mnemonic이 다릅니다
test-00011.po:27: 찾기(_S): 다음과 같이 번역해야 합니다: "찾기(_E)"
