-:19: KDE 번역 규칙에 따라 번역자 이름을 써야 합니다
-:25: KDE 번역 규칙에 따라 번역자 이름을 써야 합니다
-:31: KDE 번역 규칙에 따라 번역자 메일 주소를 써야 합니다
-:38: KDE 번역 규칙에 따라 번역자 메일 주소를 써야 합니다
