-:18: "않함": 짧은 부정문에서는 '않'이 아니라 '안'을 씁니다
-:23: "않 함": 짧은 부정문에서는 '않'이 아니라 '안'을 씁니다
-:28: "않됩니다": 짧은 부정문에서는 '않'이 아니라 '안'을 씁니다
-:33: "읍니다": '읍니다'가 아니라 '습니다'입니다
-:38: "없슴": '슴'이 아니라 '음'입니다
-:43: "있슴": '슴'이 아니라 '음'입니다
-:48: "떠나갔슴": '슴'이 아니라 '음'입니다
-:48: "잘못했슴": '슴'이 아니라 '음'입니다
-:48: "탓이었슴": '슴'이 아니라 '음'입니다
-:48: "거짓되었슴": '슴'이 아니라 '음'입니다
