test-00008.po:19: "`%s' 의": 조사는 체언에 붙여 써야 합니다
test-00008.po:24: "C++ 에서": 조사는 체언에 붙여 써야 합니다
test-00008.po:29: "__builtin_saveregs 은": 조사는 체언에 붙여 써야 합니다
test-00008.po:34: "`%s' 이(가)": 조사는 체언에 붙여 써야 합니다
