-:18: 그놈 번역 규칙에 따라 번역자의 이름을 써야 합니다
-:23: 그놈 번역 규칙에 따라 번역자의 이름을 써야 합니다
-:32: 그놈 번역 규칙에 따라 번역자의 이름을 써야 합니다
