-:17: %b %d: 날짜/시간, 다음과 같이 번역합니다: %b %d일
-:24: %b %e: 날짜/시간, 다음과 같이 번역합니다: %b %e일
-:31: %b %-e: 날짜/시간, 다음과 같이 번역합니다: %b %-e일
-:38: %d %B: 날짜/시간, 다음과 같이 번역합니다: %B %d일
-:45: %B %e %Y: 날짜/시간, 다음과 같이 번역합니다: %Y년 %B %e일
-:52: %A %e %B: 날짜/시간, 다음과 같이 번역합니다: %B %e일 %A
-:59: %a %b %e: 날짜/시간, 다음과 같이 번역합니다: %b %e일 (%a)
-:66: %I:%M %p: 날짜/시간, 다음과 같이 번역합니다: %p %I:%M
-:73: %m/%d/%Y: 날짜/시간, 다음과 같이 번역합니다: %Y/%m/%d
-:80: %d-%b-%Y: 날짜/시간, 다음과 같이 번역합니다: %Y-%m-%d
-:87: %a %R: 날짜/시간, 다음과 같이 번역합니다: (%a) %R
-:94: %a %l:%M %p: 날짜/시간, 다음과 같이 번역합니다: (%a) %p %l:%M
-:101: %l∶%M %p: 날짜/시간, 다음과 같이 번역합니다: %p %l∶%M
