test-00005.po:17: 등록 정보: 그놈 데스크탑에서 "properties"은(는) "속성"(이)라고 번역
test-00005.po:25: 설정 사항: 그놈 데스크탑에서 "preferences"은(는) "기본 설정"(이)라고 번역
test-00005.po:29: 환경설정: 그놈 데스크탑에서 "preferences"은(는) "기본 설정"(이)라고 번역
test-00005.po:37: 대하여: 그놈 데스크탑에서 "about"은(는) "정보"(이)라고 번역
test-00005.po:45: 대하여: 그놈 데스크탑에서 "about"은(는) "정보"(이)라고 번역
test-00005.po:49: 폰트: 그놈 데스크탑에서 "font"은(는) "글꼴"(이)라고 번역
test-00005.po:58: 선택 사항: 그놈 데스크탑에서 "preferences"은(는) "기본 설정"(이)라고 번역
test-00005.po:68: 버튼: 그놈 데스크탑에서 "button"은(는) "단추"(이)라고 번역
test-00005.po:73: 삭제: 그놈 데스크탑에서 "delete"은(는) "지우기"(이)라고 번역
test-00005.po:78: 검색: 그놈 데스크탑에서 "find"은(는) "찾기"(이)라고 번역
test-00005.po:83: 검색: 그놈 데스크탑에서 "search"은(는) "찾기"(이)라고 번역
