-:16: 것(들): 불필요한 복수형 표현
-:20: 파일들: 불필요한 복수형 표현
-:24: 뭐시기거시기들을 : 불필요한 복수형 표현
-:32: 뭐하기 위해: 어색한 표현. "-하려면"과 같이 쓰십시오.
-:36: 무언가와 함께: 어색한 표현. 풀어서 써 보십시오.
-:40: 무언가에 의해: 어색한 표현. 수동태 문장을 바꿔 보십시오.
-:48: 해버릴 것입니다: 어색한 표현. "...합니다"와 같이 간결히 쓰십시오.
-:56: 하시기 바랍니다: 어색한 표현. "...하십시오"와 같이 간결히 쓰십시오.
-:60: %d개의 파일을: 어색한 표현. "몇개의 아무개" 대신 "아무개 몇개"와 같이 쓰십시오.
-:64: 무언가를 포함하는: 어색한 표현. "..이 들어 있다"와 같이 바꿔 쓰십시오.
