-:26: "(_o)": 접근키가 소문자입니다
-:41: "(&u)": 접근키가 소문자입니다
-:51: 'E' vs 'S': 원문과 번역문의 접근키가 다릅니다
-:56: 번역문에 접근키가 없거나 두 개 이상입니다
-:71: 'C' vs 'D': 원문과 번역문의 접근키가 다릅니다
