-:22: "%s는": 받침에 따른 조사 구별이 없습니다. '%s은(는)'
-:29: "%s'는": 받침에 따른 조사 구별이 없습니다. '%s'은(는)'
-:36: "%s 을": 받침에 따른 조사 구별이 없습니다. '%s을(를)'
-:43: "%s' 를": 받침에 따른 조사 구별이 없습니다. '%s'을(를)'
-:58: "%Z는": 받침에 따른 조사 구별이 없습니다. '%Z은(는)'
-:67: "%2$s는": 받침에 따른 조사 구별이 없습니다. '%2$s은(는)'
-:73: "%#x는": 받침에 따른 조사 구별이 없습니다. '%#x은(는)'
-:79: "%hf는": 받침에 따른 조사 구별이 없습니다. '%hf은(는)'
-:91: "%s은": 받침에 따른 조사 구별이 없습니다. '%s은(는)'
-:99: "%(name)s는": 받침에 따른 조사 구별이 없습니다. '%(name)s은(는)'
-:105: "%(num)03d'는": 받침에 따른 조사 구별이 없습니다. '%(num)03d'은(는)'
