-:18: Keyword: 검색어 번역에는 원문 키워드를 포함해야 합니다
-:38: 검색어 번역은 ';'으로 끝나야 합니다
-:43: XKB: 검색어가 중복되어 있습니다
