test-00017.po:16: "ㅂ": 음절이 불완전합니다.  오타로 보입니다
test-00017.po:19: "ㅜ": 음절이 불완전합니다.  오타로 보입니다
