-:16: 우리말 맞춤법에서는 세미콜론을 쓰지 않습니다
-:19: 우리말 맞춤법에서는 세미콜론을 쓰지 않습니다
-:23: 우리말 맞춤법에서는 세미콜론을 쓰지 않습니다
