test-00009.po:20: KDE에서 "_:"부터 첫 번째 \n까지는 본디말에 대한 설명이므로 번역하면 안 됩니다.
test-00009.po:28: 번역자 이름을 써야 합니다. "_:"로 시작하는 문장은 번역하면 안 됩니다.
test-00009.po:36: KDE에서 "_:"부터 첫 번째 \n까지는 본디말에 대한 설명이므로 번역하면 안 됩니다.
test-00009.po:44: 번역자 이메일을 써야 합니다. "_:"로 시작하는 문장은 번역하면 안 됩니다.
test-00009.po:52: KDE에서 "_:"부터 첫 번째 \n까지는 본디말에 대한 설명이므로 번역하면 안 됩니다.
