test-00004.po:18: copyright notice는 번역하면 안 됩니다
test-00004.po:23: copyright notice는 번역하면 안 됩니다
test-00004.po:28: copyright notice는 번역하면 안 됩니다
