-:17: "스빈다": 두벌식 오타로 보입니다
-:21: "밍나합니다": 두벌식 오타로 보입니다
-:25: "거싱": 두벌식 오타로 보입니다
-:29: "살마": 두벌식 오타로 보입니다
