-:19: "`%s' 의": 조사는 체언에 붙여 써야 합니다
-:24: "C++ 에서": 조사는 체언에 붙여 써야 합니다
-:29: "__builtin_saveregs 은": 조사는 체언에 붙여 써야 합니다
-:34: "`%s' 이(가)": 조사는 체언에 붙여 써야 합니다
-:49: ") 이": 조사는 체언에 붙여 써야 합니다
