test-00016.po:29: 번역문이 원문과 같이 :으로 끝나야 합니다
test-00016.po:32: 번역문이 원문과 같이 ...으로 끝나야 합니다
test-00016.po:35: 번역문이 원문과 같이 .으로 끝나야 합니다
