-:17: 일관성을 위해 다음과 같이 번역합니다: 크리에이티브 커먼즈 저작자표시-동일조건변경허락 3.0 미합중국 라이선스
-:21: 일관성을 위해 다음과 같이 번역합니다: 크리에이티브 커먼즈 저작자표시-동일조건변경허락 3.0 Unported 라이선스
