-:17: 등록 정보: 그놈 데스크톱에서 "properties"은(는) "속성"(이)라고 번역
-:25: 설정 사항: 그놈 데스크톱에서 "preferences"은(는) "기본 설정"(이)라고 번역
-:29: 환경설정: 그놈 데스크톱에서 "preferences"은(는) "기본 설정"(이)라고 번역
-:37: 대하여: 그놈 데스크톱에서 "about"은(는) "정보"(이)라고 번역
-:45: 대하여: 그놈 데스크톱에서 "about"은(는) "정보"(이)라고 번역
-:49: 폰트: 그놈 데스크톱에서 "font"은(는) "글꼴"(이)라고 번역
-:58: 선택 사항: 그놈 데스크톱에서 "preferences"은(는) "기본 설정"(이)라고 번역
-:68: 버튼: 그놈 데스크톱에서 "button"은(는) "단추"(이)라고 번역
-:73: 지우기: 그놈 데스크톱에서 "delete"은(는) "삭제"(이)라고 번역
-:78: 검색: 그놈 데스크톱에서 "find"은(는) "찾기"(이)라고 번역
-:83: 찾기: 그놈 데스크톱에서 "search"은(는) "검색"(이)라고 번역
-:88: 무른모: 그놈 데스크톱에서 "software"은(는) "소프트웨어"(이)라고 번역
-:96: 아이템: 그놈 데스크톱에서 "item"은(는) "항목"(이)라고 번역
-:103: 인스톨: 그놈 데스크톱에서 "install"은(는) "설치"(이)라고 번역
-:106: 깔기: 그놈 데스크톱에서 "install"은(는) "설치"(이)라고 번역
