-:25: XML 태그의 짝이 맞지 않습니다
-:42: <footnot>: 알려진 DocBook 태그가 아닙니다
